Archive member included to satisfy reference by file (symbol)

D:/Softwares/Installed/SEGGER/SEGGER Embedded Studio 8.30a/lib/libc_rv32imc_balanced.a(__SEGGER_RTL_vfprintf_int_nwp.o)
                              (__SEGGER_RTL_vfprintf_int_nwp)
D:/Softwares/Installed/SEGGER/SEGGER Embedded Studio 8.30a/lib/libc_rv32imc_balanced.a(__SEGGER_RTL_vfscanf_int.o)
                              (__SEGGER_RTL_vfscanf_int)
D:/Softwares/Installed/SEGGER/SEGGER Embedded Studio 8.30a/lib/libc_rv32imc_balanced.a(compilerasmops_rv.o)
                              D:/Softwares/Installed/SEGGER/SEGGER Embedded Studio 8.30a/lib/libc_rv32imc_balanced.a(__SEGGER_RTL_vfprintf_int_nwp.o) (__riscv_save_12)
D:/Softwares/Installed/SEGGER/SEGGER Embedded Studio 8.30a/lib/libc_rv32imc_balanced.a(intops.o)
                              D:/Softwares/Installed/SEGGER/SEGGER Embedded Studio 8.30a/lib/libc_rv32imc_balanced.a(__SEGGER_RTL_vfprintf_int_nwp.o) (__udivdi3)
D:/Softwares/Installed/SEGGER/SEGGER Embedded Studio 8.30a/lib/libc_rv32imc_balanced.a(utilops.o)
                              D:/Softwares/Installed/SEGGER/SEGGER Embedded Studio 8.30a/lib/libc_rv32imc_balanced.a(__SEGGER_RTL_vfscanf_int.o) (__SEGGER_RTL_digit)
D:/Softwares/Installed/SEGGER/SEGGER Embedded Studio 8.30a/lib/libc_rv32imc_balanced.a(prinops.o)
                              D:/Softwares/Installed/SEGGER/SEGGER Embedded Studio 8.30a/lib/libc_rv32imc_balanced.a(__SEGGER_RTL_vfprintf_int_nwp.o) (__SEGGER_RTL_putc)
D:/Softwares/Installed/SEGGER/SEGGER Embedded Studio 8.30a/lib/libc_rv32imc_balanced.a(fileops.o)
                              D:/Softwares/Installed/SEGGER/SEGGER Embedded Studio 8.30a/lib/libc_rv32imc_balanced.a(prinops.o) (fwrite)
D:/Softwares/Installed/SEGGER/SEGGER Embedded Studio 8.30a/lib/libc_rv32imc_balanced.a(floatasmops_rv.o)
                              D:/Softwares/Installed/SEGGER/SEGGER Embedded Studio 8.30a/lib/libc_rv32imc_balanced.a(utilops.o) (__mulsf3)
D:/Softwares/Installed/SEGGER/SEGGER Embedded Studio 8.30a/lib/libc_rv32imc_balanced.a(strasmops_rv.o)
                              D:/Softwares/Installed/SEGGER/SEGGER Embedded Studio 8.30a/lib/libc_rv32imc_balanced.a(prinops.o) (memset)
D:/Softwares/Installed/SEGGER/SEGGER Embedded Studio 8.30a/lib/libc_rv32imc_balanced.a(strops.o)
                              D:/Softwares/Installed/SEGGER/SEGGER Embedded Studio 8.30a/lib/libc_rv32imc_balanced.a(fileops.o) (strerror)
D:/Softwares/Installed/SEGGER/SEGGER Embedded Studio 8.30a/lib/libc_rv32imc_balanced.a(errno.o)
                              D:/Softwares/Installed/SEGGER/SEGGER Embedded Studio 8.30a/lib/libc_rv32imc_balanced.a(fileops.o) (__SEGGER_RTL_X_errno_addr)
D:/Softwares/Installed/SEGGER/SEGGER Embedded Studio 8.30a/lib/libc_rv32imc_balanced.a(execops.o)
                              D:/Softwares/Installed/SEGGER/SEGGER Embedded Studio 8.30a/lib/libc_rv32imc_balanced.a(strops.o) (__SEGGER_RTL_constraint_violation)
D:/Softwares/Installed/SEGGER/SEGGER Embedded Studio 8.30a/lib/libc_rv32imc_balanced.a(convops.o)
                              D:/Softwares/Installed/SEGGER/SEGGER Embedded Studio 8.30a/lib/libc_rv32imc_balanced.a(execops.o) (itoa)
D:/Softwares/Installed/SEGGER/SEGGER Embedded Studio 8.30a/lib/libc_rv32imc_balanced.a(floatops.o)
                              D:/Softwares/Installed/SEGGER/SEGGER Embedded Studio 8.30a/lib/libc_rv32imc_balanced.a(convops.o) (__extenddftf2)
D:/Softwares/Installed/SEGGER/SEGGER Embedded Studio 8.30a/lib/heapops_basic_rv32imc_balanced.a(heapops_basic.o)
                              Output/Debug/Obj/led_demo/riscv_crt0.o (__SEGGER_RTL_init_heap)
D:/Softwares/Installed/SEGGER/SEGGER Embedded Studio 8.30a/lib/heapops_disable_interrupts_locking_rv32imc_balanced.a(heapops.o)
                              D:/Softwares/Installed/SEGGER/SEGGER Embedded Studio 8.30a/lib/libc_rv32imc_balanced.a(strops.o) (malloc)
D:/Softwares/Installed/SEGGER/SEGGER Embedded Studio 8.30a/lib/mbops_timeops_rv32imc_balanced.a(mbops.o)
                              D:/Softwares/Installed/SEGGER/SEGGER Embedded Studio 8.30a/lib/libc_rv32imc_balanced.a(prinops.o) (__SEGGER_RTL_current_locale)
D:/Softwares/Installed/SEGGER/SEGGER Embedded Studio 8.30a/lib/mbops_timeops_rv32imc_balanced.a(timeops.o)
                              D:/Softwares/Installed/SEGGER/SEGGER Embedded Studio 8.30a/lib/mbops_timeops_rv32imc_balanced.a(mbops.o) (__SEGGER_RTL_string_list_encode)
D:/Softwares/Installed/SEGGER/SEGGER Embedded Studio 8.30a/lib/libc_rv32imc_balanced.a(__user_thread_library.o)
                              D:/Softwares/Installed/SEGGER/SEGGER Embedded Studio 8.30a/lib/mbops_timeops_rv32imc_balanced.a(timeops.o) (__user_clock_realtime)
D:/Softwares/Installed/SEGGER/SEGGER Embedded Studio 8.30a/lib/libc_rv32imc_balanced.a(sortops.o)
                              D:/Softwares/Installed/SEGGER/SEGGER Embedded Studio 8.30a/lib/mbops_timeops_rv32imc_balanced.a(mbops.o) (bsearch)
[...]
Memory Configuration

Name             Origin             Length             Attributes
UNPLACED_SECTIONS 0x00000000         0x00000000         xw
FLASH1           0x80000000         0x00008000         xr
RAM1             0x80008000         0x00008000         xw
*default*        0x00000000         0xffffffff

Linker script and memory map

                0x80000000                        __FLASH1_segment_start__ = 0x80000000
                0x80008000                        __FLASH1_segment_end__ = 0x80008000
                0x00008000                        __FLASH1_segment_size__ = 0x8000
                0x80008000                        __RAM1_segment_start__ = 0x80008000
                0x80010000                        __RAM1_segment_end__ = 0x80010000
                0x00008000                        __RAM1_segment_size__ = 0x8000
                0x00000800                        __HEAPSIZE__ = 0x800
                0x00000000                        __SEGGER_RTL_vfprintf = __SEGGER_RTL_vfprintf_int_nwp
                0x00000000                        __SEGGER_RTL_vfscanf = __SEGGER_RTL_vfscanf_int
                0x00000800                        __STACKSIZE__ = 0x800
                0x80000000                        __vectors_load_start__ = __FLASH1_segment_start__

.vectors        0x80000000        0x0
                0x80000000                        __vectors_start__ = .
 *(.vectors .vectors.*)
                0x80000000                        __vectors_end__ = (__vectors_start__ + SIZEOF (.vectors))
                0x00000000                        __vectors_size__ = SIZEOF (.vectors)
                0x80000000                        __vectors_load_end__ = __vectors_end__
                0x00000001                        . = ASSERT (((__vectors_start__ == __vectors_end__) || ((__vectors_end__ - __FLASH1_segment_start__) <= __FLASH1_segment_size__)), error: .vectors is too large to fit in FLASH1 memory segment)
                0x80000000                        __init_load_start__ = ALIGN (__vectors_end__, 0x4)

.init           0x80000000      0x1c2
                0x80000000                        __init_start__ = .
 *(.init .init.*)
 .init          0x80000000      0x1c2 Output/Debug/Obj/led_demo/riscv_crt0.o
                0x80000000                _start
                0x8000018a                start
                0x800001b6                exit
                0x800001c2                        __init_end__ = (__init_start__ + SIZEOF (.init))
                0x000001c2                        __init_size__ = SIZEOF (.init)
                0x800001c2                        __init_load_end__ = __init_end__
                0x00000001                        . = ASSERT (((__init_start__ == __init_end__) || ((__init_end__ - __FLASH1_segment_start__) <= __FLASH1_segment_size__)), error: .init is too large to fit in FLASH1 memory segment)
                0x800001c4                        __init_rodata_load_start__ = ALIGN (__init_end__, 0x4)

.init_rodata    0x800001c4        0x0
                0x800001c4                        __init_rodata_start__ = .
 *(.init_rodata .init_rodata.*)
                0x800001c4                        __init_rodata_end__ = (__init_rodata_start__ + SIZEOF (.init_rodata))
                0x00000000                        __init_rodata_size__ = SIZEOF (.init_rodata)
                0x800001c4                        __init_rodata_load_end__ = __init_rodata_end__
                0x00000001                        . = ASSERT (((__init_rodata_start__ == __init_rodata_end__) || ((__init_rodata_end__ - __FLASH1_segment_start__) <= __FLASH1_segment_size__)), error: .init_rodata is too large to fit in FLASH1 memory segment)
                0x800001c4                        __text_load_start__ = ALIGN (__init_rodata_end__, 0x4)

.text           0x800001c4      0x154
                0x800001c4                        __text_start__ = .
 *(.text .text.* .gnu.linkonce.t.*)
 .text.delay    0x800001c4       0x22 Output/Debug/Obj/led_demo/main.o
 .text.main     0x800001e6       0x38 Output/Debug/Obj/led_demo/main.o
                0x800001e6                main
 *fill*         0x8000021e       0x62 
 .text.trap_entry
                0x80000280       0x82 Output/Debug/Obj/led_demo/riscv_crt0.o
                0x80000280                trap_entry
                0x800002de                handle_trap
                0x800002e0                _init
                0x800002e2                _fini
 .text.libc.__SEGGER_RTL_init_heap
                0x80000302       0x16 D:/Softwares/Installed/SEGGER/SEGGER Embedded Studio 8.30a/lib/heapops_basic_rv32imc_balanced.a(heapops_basic.o)
                0x80000302                __SEGGER_RTL_init_heap
                0x80000318                        __text_end__ = (__text_start__ + SIZEOF (.text))
                0x00000154                        __text_size__ = SIZEOF (.text)
                0x80000318                        __text_load_end__ = __text_end__

.rela.dyn       0x80000000        0x0
 .rela.init     0x80000000        0x0 Output/Debug/Obj/led_demo/main.o
 .rela.text.trap_entry
                0x80000000        0x0 Output/Debug/Obj/led_demo/main.o
                0x00000001                        . = ASSERT (((__text_start__ == __text_end__) || ((__text_end__ - __FLASH1_segment_start__) <= __FLASH1_segment_size__)), error: .text is too large to fit in FLASH1 memory segment)
                0x80000318                        __dtors_load_start__ = ALIGN (__text_end__, 0x8)

.dtors          0x80000318        0x0
                0x80000318                        __dtors_start__ = .
 *(SORT_BY_NAME(.dtors.*))
 *(.dtors)
 *(.fini_array)
 *(SORT_BY_NAME(.fini_array.*))
                0x80000318                        __dtors_end__ = (__dtors_start__ + SIZEOF (.dtors))
                0x00000000                        __dtors_size__ = SIZEOF (.dtors)
                0x80000318                        __dtors_load_end__ = __dtors_end__
                0x00000001                        . = ASSERT (((__dtors_start__ == __dtors_end__) || ((__dtors_end__ - __FLASH1_segment_start__) <= __FLASH1_segment_size__)), error: .dtors is too large to fit in FLASH1 memory segment)
                0x80000318                        __ctors_load_start__ = ALIGN (__dtors_end__, 0x8)

.ctors          0x80000318        0x0
                0x80000318                        __ctors_start__ = .
 *(SORT_BY_NAME(.ctors.*))
 *(.ctors)
 *(.init_array)
 *(SORT_BY_NAME(.init_array.*))
                0x80000318                        __ctors_end__ = (__ctors_start__ + SIZEOF (.ctors))
                0x00000000                        __ctors_size__ = SIZEOF (.ctors)
                0x80000318                        __ctors_load_end__ = __ctors_end__
                0x00000001                        . = ASSERT (((__ctors_start__ == __ctors_end__) || ((__ctors_end__ - __FLASH1_segment_start__) <= __FLASH1_segment_size__)), error: .ctors is too large to fit in FLASH1 memory segment)
                0x80000318                        __rodata_load_start__ = ALIGN (__ctors_end__, 0x4)

.rodata         0x80000318        0x0
                0x80000318                        __rodata_start__ = .
 *(.rodata .rodata.* .gnu.linkonce.r.* .data.rel.ro .data.rel.ro.*)
                0x80000318                        __rodata_end__ = (__rodata_start__ + SIZEOF (.rodata))
                0x00000000                        __rodata_size__ = SIZEOF (.rodata)
                0x80000318                        __rodata_load_end__ = __rodata_end__
                0x00000001                        . = ASSERT (((__rodata_start__ == __rodata_end__) || ((__rodata_end__ - __FLASH1_segment_start__) <= __FLASH1_segment_size__)), error: .rodata is too large to fit in FLASH1 memory segment)
                0x80000318                        __srodata_load_start__ = ALIGN (__rodata_end__, 0x4)

.srodata        0x80000318        0x0
                0x80000318                        __srodata_start__ = .
 *(.srodata .srodata.*)
                0x80000318                        __srodata_end__ = (__srodata_start__ + SIZEOF (.srodata))
                0x00000000                        __srodata_size__ = SIZEOF (.srodata)
                0x80000318                        __srodata_load_end__ = __srodata_end__
                0x00000001                        . = ASSERT (((__srodata_start__ == __srodata_end__) || ((__srodata_end__ - __FLASH1_segment_start__) <= __FLASH1_segment_size__)), error: .srodata is too large to fit in FLASH1 memory segment)
                0x80000318                        __eh_frame_load_start__ = ALIGN (__srodata_end__, 0x8)

.eh_frame       0x80000318        0x0
                0x80000318                        __eh_frame_start__ = .
 *(.eh_frame .eh_frame.*)
                0x80000318                        __eh_frame_end__ = (__eh_frame_start__ + SIZEOF (.eh_frame))
                0x00000000                        __eh_frame_size__ = SIZEOF (.eh_frame)
                0x80000318                        __eh_frame_load_end__ = __eh_frame_end__
                0x00000001                        . = ASSERT (((__eh_frame_start__ == __eh_frame_end__) || ((__eh_frame_end__ - __FLASH1_segment_start__) <= __FLASH1_segment_size__)), error: .eh_frame is too large to fit in FLASH1 memory segment)
                0x80000318                        __gcc_except_table_load_start__ = ALIGN (__eh_frame_end__, 0x4)

.gcc_except_table
                0x80000318        0x0
                0x80000318                        __gcc_except_table_start__ = .
 *(.gcc_except_table .gcc_except_table.*)
                0x80000318                        __gcc_except_table_end__ = (__gcc_except_table_start__ + SIZEOF (.gcc_except_table))
                0x00000000                        __gcc_except_table_size__ = SIZEOF (.gcc_except_table)
                0x80000318                        __gcc_except_table_load_end__ = __gcc_except_table_end__
                0x00000001                        . = ASSERT (((__gcc_except_table_start__ == __gcc_except_table_end__) || ((__gcc_except_table_end__ - __FLASH1_segment_start__) <= __FLASH1_segment_size__)), error: .gcc_except_table is too large to fit in FLASH1 memory segment)
                0x80000318                        __exec.itable_load_start__ = ALIGN (__gcc_except_table_end__, 0x4)

.exec.itable    0x80000318        0x0
                0x80000318                        __exec.itable_start__ = .
 *(.exec.itable .exec.itable.*)
                0x80000318                        __exec.itable_end__ = (__exec.itable_start__ + SIZEOF (.exec.itable))
                0x00000000                        __exec.itable_size__ = SIZEOF (.exec.itable)
                0x80000318                        __exec.itable_load_end__ = __exec.itable_end__
                0x00000001                        . = ASSERT (((__exec.itable_start__ == __exec.itable_end__) || ((__exec.itable_end__ - __FLASH1_segment_start__) <= __FLASH1_segment_size__)), error: .exec.itable is too large to fit in FLASH1 memory segment)
                0x80000318                        __fast_load_start__ = ALIGN (__exec.itable_end__, 0x4)

.fast           0x80008000        0x0 load address 0x80000318
                0x80008000                        __fast_start__ = .
 *(.fast .fast.*)
                0x80008000                        __fast_end__ = (__fast_start__ + SIZEOF (.fast))
                0x00000000                        __fast_size__ = SIZEOF (.fast)
                0x80000318                        __fast_load_end__ = (__fast_load_start__ + SIZEOF (.fast))
                0x00000001                        . = ASSERT (((__fast_load_start__ == __fast_load_end__) || ((__fast_load_end__ - __FLASH1_segment_start__) <= __FLASH1_segment_size__)), error: .fast is too large to fit in FLASH1 memory segment)

.fast_run       0x80008000        0x0
                0x80008000                        __fast_run_start__ = .
                0x80008000                        __fast_run_end__ = (__fast_run_start__ + SIZEOF (.fast))
                0x00000000                        __fast_run_size__ = (__fast_run_end__ - __fast_run_start__)
                0x80008000                        __fast_run_load_end__ = __fast_run_end__
                0x00000001                        . = ASSERT (((__fast_run_start__ == __fast_run_end__) || ((__fast_run_end__ - __RAM1_segment_start__) <= __RAM1_segment_size__)), error: .fast_run is too large to fit in RAM1 memory segment)
                0x80000318                        __data_load_start__ = ALIGN ((__fast_load_start__ + SIZEOF (.fast)), 0x4)

.data           0x80008000        0x0 load address 0x80000318
                0x80008000                        __data_start__ = .
 *(.data .data.* .gnu.linkonce.d.*)
                0x80008000                        __data_end__ = (__data_start__ + SIZEOF (.data))
                0x00000000                        __data_size__ = SIZEOF (.data)
                0x80000318                        __data_load_end__ = (__data_load_start__ + SIZEOF (.data))
                0x00000001                        . = ASSERT (((__data_load_start__ == __data_load_end__) || ((__data_load_end__ - __FLASH1_segment_start__) <= __FLASH1_segment_size__)), error: .data is too large to fit in FLASH1 memory segment)

.data_run       0x80008000        0x0
                0x80008000                        __data_run_start__ = .
                0x80008000                        __data_run_end__ = (__data_run_start__ + SIZEOF (.data))
                0x00000000                        __data_run_size__ = (__data_run_end__ - __data_run_start__)
                0x80008000                        __data_run_load_end__ = __data_run_end__
                0x00000001                        . = ASSERT (((__data_run_start__ == __data_run_end__) || ((__data_run_end__ - __RAM1_segment_start__) <= __RAM1_segment_size__)), error: .data_run is too large to fit in RAM1 memory segment)
                0x80008000                        __bss_load_start__ = ALIGN (__data_run_end__, 0x4)

.bss            0x80008000        0x4
                0x80008000                        __bss_start__ = .
 *(.bss .bss.* .gnu.linkonce.b.*)
 .bss.libc.__SEGGER_RTL_heap_globals.0
                0x80008000        0x4 D:/Softwares/Installed/SEGGER/SEGGER Embedded Studio 8.30a/lib/heapops_basic_rv32imc_balanced.a(heapops_basic.o)
 *(COMMON)
                0x80008004                        __bss_end__ = (__bss_start__ + SIZEOF (.bss))
                0x00000004                        __bss_size__ = SIZEOF (.bss)
                0x80008004                        __bss_load_end__ = __bss_end__
                0x00000001                        . = ASSERT (((__bss_start__ == __bss_end__) || ((__bss_end__ - __RAM1_segment_start__) <= __RAM1_segment_size__)), error: .bss is too large to fit in RAM1 memory segment)
                0x80008004                        __tbss_load_start__ = ALIGN (__bss_end__, 0x4)

.tbss           0x80008004        0x0
                0x80008004                        __tbss_start__ = .
 *(.tbss .tbss.*)
                0x80008004                        __tbss_end__ = (__tbss_start__ + SIZEOF (.tbss))
                0x00000000                        __tbss_size__ = SIZEOF (.tbss)
                0x80008004                        __tbss_load_end__ = __tbss_end__
                0x00000001                        . = ASSERT (((__tbss_start__ == __tbss_end__) || ((__tbss_end__ - __RAM1_segment_start__) <= __RAM1_segment_size__)), error: .tbss is too large to fit in RAM1 memory segment)
                0x80000318                        __tdata_load_start__ = ALIGN ((__data_load_start__ + SIZEOF (.data)), 0x4)

.tdata          0x80008004        0x0 load address 0x80000318
                0x80008004                        __tdata_start__ = .
 *(.tdata .tdata.*)
                0x80008004                        __tdata_end__ = (__tdata_start__ + SIZEOF (.tdata))
                0x00000000                        __tdata_size__ = SIZEOF (.tdata)
                0x80000318                        __tdata_load_end__ = (__tdata_load_start__ + SIZEOF (.tdata))
                0x00000001                        . = ASSERT (((__tdata_load_start__ == __tdata_load_end__) || ((__tdata_load_end__ - __FLASH1_segment_start__) <= __FLASH1_segment_size__)), error: .tdata is too large to fit in FLASH1 memory segment)

.tdata_run      0x80008004        0x0
                0x80008004                        __tdata_run_start__ = .
                0x80008004                        __tdata_run_end__ = (__tdata_run_start__ + SIZEOF (.tdata))
                0x00000000                        __tdata_run_size__ = (__tdata_run_end__ - __tdata_run_start__)
                0x80008004                        __tdata_run_load_end__ = __tdata_run_end__
                0x00000001                        . = ASSERT (((__tdata_run_start__ == __tdata_run_end__) || ((__tdata_run_end__ - __RAM1_segment_start__) <= __RAM1_segment_size__)), error: .tdata_run is too large to fit in RAM1 memory segment)
                0x80000318                        __sdata_load_start__ = ALIGN ((__tdata_load_start__ + SIZEOF (.tdata)), 0x4)

.sdata          0x80008004        0x0 load address 0x80000318
                0x80008004                        __sdata_start__ = .
 *(.sdata.* .sdata2.*)
                0x80008004                        __sdata_end__ = (__sdata_start__ + SIZEOF (.sdata))
                0x00000000                        __sdata_size__ = SIZEOF (.sdata)
                0x80000318                        __sdata_load_end__ = (__sdata_load_start__ + SIZEOF (.sdata))
                0x80000318                        __FLASH1_segment_used_end__ = (ALIGN ((__tdata_load_start__ + SIZEOF (.tdata)), 0x4) + SIZEOF (.sdata))
                0x00000318                        __FLASH1_segment_used_size__ = (__FLASH1_segment_used_end__ - __FLASH1_segment_start__)
                0x00000001                        . = ASSERT (((__sdata_load_start__ == __sdata_load_end__) || ((__sdata_load_end__ - __FLASH1_segment_start__) <= __FLASH1_segment_size__)), error: .sdata is too large to fit in FLASH1 memory segment)

.sdata_run      0x80008004        0x0
                0x80008004                        __sdata_run_start__ = .
                0x80008004                        __sdata_run_end__ = (__sdata_run_start__ + SIZEOF (.sdata))
                0x00000000                        __sdata_run_size__ = (__sdata_run_end__ - __sdata_run_start__)
                0x80008004                        __sdata_run_load_end__ = __sdata_run_end__
                0x00000001                        . = ASSERT (((__sdata_run_start__ == __sdata_run_end__) || ((__sdata_run_end__ - __RAM1_segment_start__) <= __RAM1_segment_size__)), error: .sdata_run is too large to fit in RAM1 memory segment)
                0x80008004                        __sbss_load_start__ = ALIGN (__sdata_run_end__, 0x4)

.sbss           0x80008004        0x0
                0x80008004                        __sbss_start__ = .
 *(.sbss .sbss.*)
                0x80008004                        __sbss_end__ = (__sbss_start__ + SIZEOF (.sbss))
                0x00000000                        __sbss_size__ = SIZEOF (.sbss)
                0x80008004                        __sbss_load_end__ = __sbss_end__
                0x00000001                        . = ASSERT (((__sbss_start__ == __sbss_end__) || ((__sbss_end__ - __RAM1_segment_start__) <= __RAM1_segment_size__)), error: .sbss is too large to fit in RAM1 memory segment)
                0x80008004                        __non_init_load_start__ = ALIGN (__sbss_end__, 0x4)

.non_init       0x80008004        0x0
                0x80008004                        __non_init_start__ = .
 *(.non_init .non_init.*)
                0x80008004                        __non_init_end__ = (__non_init_start__ + SIZEOF (.non_init))
                0x00000000                        __non_init_size__ = SIZEOF (.non_init)
                0x80008004                        __non_init_load_end__ = __non_init_end__
                0x00000001                        . = ASSERT (((__non_init_start__ == __non_init_end__) || ((__non_init_end__ - __RAM1_segment_start__) <= __RAM1_segment_size__)), error: .non_init is too large to fit in RAM1 memory segment)
                0x80008010                        __heap_load_start__ = ALIGN (__non_init_end__, 0x10)

.heap           0x80008010      0x800
                0x80008010                        __heap_start__ = .
 *(.heap .heap.*)
                0x80008810                        . = ALIGN (MAX ((__heap_start__ + __HEAPSIZE__), .), 0x10)
 *fill*         0x80008010      0x800 
                0x80008810                        __heap_end__ = (__heap_start__ + SIZEOF (.heap))
                0x00000800                        __heap_size__ = SIZEOF (.heap)
                0x80008810                        __heap_load_end__ = __heap_end__
                0x00000001                        . = ASSERT (((__heap_start__ == __heap_end__) || ((__heap_end__ - __RAM1_segment_start__) <= __RAM1_segment_size__)), error: .heap is too large to fit in RAM1 memory segment)
                0x00000001                        . = ASSERT ((__HEAPSIZE__ == ALIGN (__HEAPSIZE__, 0x10)), error: .heap section size does not match alignment)
                0x00000001                        . = ASSERT ((__heap_size__ <= __HEAPSIZE__), error: .heap section is larger than specified size)
                0x8000f800                        __stack_load_start__ = (__RAM1_segment_start__ + (__RAM1_segment_size__ - 0x800))

.stack          0x8000f800      0x800
                0x8000f800                        __stack_start__ = .
 *(.stack .stack.*)
                0x80010000                        . = ALIGN (MAX ((__stack_start__ + __STACKSIZE__), .), 0x4)
 *fill*         0x8000f800      0x800 
                0x80010000                        __stack_end__ = (__stack_start__ + SIZEOF (.stack))
                0x00000800                        __stack_size__ = SIZEOF (.stack)
                0x80010000                        __stack_load_end__ = __stack_end__
                0x80010000                        __RAM1_segment_used_end__ = ((__RAM1_segment_start__ + (__RAM1_segment_size__ - 0x800)) + SIZEOF (.stack))
                0x00008000                        __RAM1_segment_used_size__ = (__RAM1_segment_used_end__ - __RAM1_segment_start__)
                0x00000001                        . = ASSERT (((__stack_start__ == __stack_end__) || ((__stack_end__ - __RAM1_segment_start__) <= __RAM1_segment_size__)), error: .stack is too large to fit in RAM1 memory segment)
                0x00000001                        . = ASSERT ((__heap_end__ <= __stack_start__), error: section .heap overlaps absolute placed section .stack)
                0x00000001                        . = ASSERT ((__STACKSIZE__ == ALIGN (__STACKSIZE__, 0x4)), error: .stack section size does not match alignment)
                0x00000001                        . = ASSERT ((__stack_size__ <= __STACKSIZE__), error: .stack section is larger than specified size)
                0x00000800                        __STACKSIZE__ = 0x800
                0x00000800                        __HEAPSIZE__ = 0x800
                0x00000000                        __SEGGER_RTL_vfprintf = __SEGGER_RTL_vfprintf_int_nwp
                0x00000000                        __SEGGER_RTL_vfscanf = __SEGGER_RTL_vfscanf_int
START GROUP
LOAD Output/Debug/Obj/led_demo/main.o
LOAD Output/Debug/Obj/led_demo/riscv_crt0.o
LOAD D:/Softwares/Installed/SEGGER/SEGGER Embedded Studio 8.30a/lib/libc_rv32imc_balanced.a
LOAD D:/Softwares/Installed/SEGGER/SEGGER Embedded Studio 8.30a/lib/heapops_basic_rv32imc_balanced.a
LOAD D:/Softwares/Installed/SEGGER/SEGGER Embedded Studio 8.30a/lib/heapops_disable_interrupts_locking_rv32imc_balanced.a
LOAD D:/Softwares/Installed/SEGGER/SEGGER Embedded Studio 8.30a/lib/mbops_timeops_rv32imc_balanced.a
END GROUP
OUTPUT(D:/Documents/SideTasks/20260225_Health_Monitoring_System/HMS_Git/cv32e40x-hms/sw/apps/segger/led_demo/Output/Debug/Exe/led_demo.elf elf32-littleriscv)

.debug_info     0x00000000       0xd7
 .debug_info    0x00000000       0x9c Output/Debug/Obj/led_demo/main.o
 .debug_info    0x0000009c       0x3b Output/Debug/Obj/led_demo/riscv_crt0.o

.debug_abbrev   0x00000000       0xc0
 .debug_abbrev  0x00000000       0x9a Output/Debug/Obj/led_demo/main.o
 .debug_abbrev  0x0000009a       0x26 Output/Debug/Obj/led_demo/riscv_crt0.o

.debug_pubnames
                0x00000000       0x25
 .debug_pubnames
                0x00000000       0x25 Output/Debug/Obj/led_demo/main.o

.debug_pubtypes
                0x00000000       0x3d
 .debug_pubtypes
                0x00000000       0x3d Output/Debug/Obj/led_demo/main.o

.debug_aranges  0x00000000       0x68
 .debug_aranges
                0x00000000       0x28 Output/Debug/Obj/led_demo/main.o
 .debug_aranges
                0x00000028       0x40 Output/Debug/Obj/led_demo/riscv_crt0.o

.debug_ranges   0x00000000       0x50
 .debug_ranges  0x00000000       0x18 Output/Debug/Obj/led_demo/main.o
 .debug_ranges  0x00000018       0x38 Output/Debug/Obj/led_demo/riscv_crt0.o

.debug_macro    0x00000000      0x7fb
 .debug_macro   0x00000000       0x23 Output/Debug/Obj/led_demo/main.o
 .debug_macro   0x00000023      0x7d8 Output/Debug/Obj/led_demo/main.o

.debug_line     0x00000000      0x547
 .debug_line    0x00000000      0x13a Output/Debug/Obj/led_demo/main.o
 .debug_line    0x0000013a      0x40d Output/Debug/Obj/led_demo/riscv_crt0.o

.debug_str      0x00000000     0x228c
 .debug_str     0x00000000     0x228c Output/Debug/Obj/led_demo/main.o
                               0x220f (size before relaxing)
 .debug_str     0x0000228c       0xfe Output/Debug/Obj/led_demo/riscv_crt0.o

.comment        0x00000000       0x7c
 .comment       0x00000000       0x7c Output/Debug/Obj/led_demo/main.o
                                 0x40 (size before relaxing)
 .comment       0x0000007c       0x3e D:/Softwares/Installed/SEGGER/SEGGER Embedded Studio 8.30a/lib/heapops_basic_rv32imc_balanced.a(heapops_basic.o)

.note.GNU-stack
                0x00000000        0x0
 .note.GNU-stack
                0x00000000        0x0 Output/Debug/Obj/led_demo/main.o
 .note.GNU-stack
                0x00000000        0x0 D:/Softwares/Installed/SEGGER/SEGGER Embedded Studio 8.30a/lib/heapops_basic_rv32imc_balanced.a(heapops_basic.o)

.riscv.attributes
                0x00000000       0x4f
 .riscv.attributes
                0x00000000       0x44 Output/Debug/Obj/led_demo/main.o
 .riscv.attributes
                0x00000044       0x46 Output/Debug/Obj/led_demo/riscv_crt0.o
 .riscv.attributes
                0x0000008a       0x36 D:/Softwares/Installed/SEGGER/SEGGER Embedded Studio 8.30a/lib/heapops_basic_rv32imc_balanced.a(heapops_basic.o)

.debug_frame    0x00000000       0xd0
 .debug_frame   0x00000000       0x40 Output/Debug/Obj/led_demo/main.o
 .debug_frame   0x00000040       0x90 D:/Softwares/Installed/SEGGER/SEGGER Embedded Studio 8.30a/lib/heapops_basic_rv32imc_balanced.a(heapops_basic.o)
